Microchip MPLAB XC8 Compiler V2.36

Linker command line:

-W-3 --edf=C:\Program Files\Microchip\xc8\v2.36\pic\dat\en_msgs.txt -cn \
  -h+dist/default/production\New_Folder.production.sym \
  --cmf=dist/default/production\New_Folder.production.cmf -z -Q18F4620 \
  -oC:\Users\user\AppData\Local\Temp\xcAs1bi0.4 --defsym=__MPLAB_BUILD=1 \
  -Mdist/default/production/New_Folder.production.map \
  --md=C:\Users\user\AppData\Local\Temp\xcAs1bi0.dat -E1 -ver=XC8 Compiler \
  --acfsm=1493 -ACODE=00h-0FFFFh -ACONST=00h-0FFFFh \
  -ASMALLCONST=01000h-010FFhx240 -AMEDIUMCONST=01000h-0FFFFh \
  -ACOMRAM=01h-07Fh -AABS1=00h-0F7Fh -ABIGRAM=01h-0F7Fh \
  -ARAM=080h-0FFh,0100h-01FFhx14,0F00h-0F7Fh -ABANK0=080h-0FFh \
  -ABANK1=0100h-01FFh -ABANK2=0200h-02FFh -ABANK3=0300h-03FFh \
  -ABANK4=0400h-04FFh -ABANK5=0500h-05FFh -ABANK6=0600h-06FFh \
  -ABANK7=0700h-07FFh -ABANK8=0800h-08FFh -ABANK9=0900h-09FFh \
  -ABANK10=0A00h-0AFFh -ABANK11=0B00h-0BFFh -ABANK12=0C00h-0CFFh \
  -ABANK13=0D00h-0DFFh -ABANK14=0E00h-0EFFh -ABANK15=0F00h-0F7Fh \
  -ASFR=0F80h-0FFFh -ABIGSFR=0F80h-0FFFh -ACONFIG=0300000h-030000Dh \
  -AIDLOC=0200000h-0200007h -AEEDATA=0F00000h-0F003FFh -peeprom_data=EEDATA \
  -preset_vec=00h,intcode=08h,intcodelo,powerup,init -pramtop=01000h \
  -psmallconst=SMALLCONST -pmediumconst=MEDIUMCONST -pconst=CONST \
  -AFARRAM=00h-00h \
  -prdata=COMRAM,nvrram=COMRAM,nvbit=COMRAM,rbss=COMRAM,rbit=COMRAM \
  -pfarbss=FARRAM,fardata=FARRAM,nvFARRAM=FARRAM \
  -pintsave_regs=BIGRAM,bigbss=BIGRAM,bigdata=BIGRAM -pbss=RAM \
  -pidata=CODE,irdata=CODE,ibigdata=CODE,ifardata=CODE -prparam=COMRAM \
  C:\Users\user\AppData\Local\Temp\xcAs1bi0.o \
  dist/default/production\New_Folder.production.o 

Object code version is 3.11

Machine type is 18F4620



                Name                               Link     Load   Length Selector   Space Scale
C:\Users\user\AppData\Local\Temp\xcAs1bi0.o
                idloc                            200000   200000        8        0       5
                config                           300000   300000        E        0       4
                init                                  E        E        4        4       0
                reset_vec                             0        0        4        0       0
dist/default/production\New_Folder.production.o
                intcode                               8        8        6        4       0
                idloc                            200000   200000        8        0       5
                config                           300000   300000        E        0       4
                temp                                 7C       7C        1        1       1
                smallconst                         1000     1000       16      800       0
                text27                             1924     1924        4      80B       0
                text26                             1920     1920        4      80B       0
                text25                             191C     191C        4      80B       0
                text24                             192A     192A        2      80B       0
                text23                             1918     1918        4      80B       0
                text22                             1914     1914        4      80B       0
                text21                             1910     1910        4      80B       0
                text20                             190C     190C        4      80B       0
                text19                             1908     1908        4      80B       0
                text18                             1904     1904        4      80B       0
                text17                             1928     1928        2      80B       0
                text16                             18EA     18EA        C      80B       0
                text15                             18DE     18DE        C      80B       0
                text14                             18F6     18F6        8      80B       0
                text13                             18D2     18D2        C      80B       0
                intcode_body                       1016     1016      1E6      80B       0
                text11                             1336     1336      122      80B       0
                text10                             1458     1458      10A      80B       0
                text9                              16C2     16C2       6C      80B       0
                text8                              1562     1562       80      80B       0
                text7                              184E     184E       36      80B       0
                text6                              172E     172E       68      80B       0
                text5                              15E2     15E2       72      80B       0
                text4                              11FC     11FC      13A      80B       0
                text3                              1796     1796       62      80B       0
                text2                              1654     1654       6E      80B       0
                text1                              18FE     18FE        6      80B       0
                text0                              18C6     18C6        C      80B       0
                cstackCOMRAM                         64       64       18        1       1
                dataBANK0                            80       80       22       80       1
                dataCOMRAM                           44       44       20        1       1
                bssCOMRAM                             1        1       43        1       1
                cinit                              17F8     17F8       56      80B       0
                idataBANK0                         1884     1884       22      80B       0
                idataCOMRAM                        18A6     18A6       20      80B       0

TOTAL           Name                               Link     Load   Length     Space
        CLASS   CODE           
                intcode                               8        8        6         0
                init                                  E        E        4         0
                reset_vec                             0        0        4         0
                text27                             1924     1924        4         0
                text26                             1920     1920        4         0
                text25                             191C     191C        4         0
                text24                             192A     192A        2         0
                text23                             1918     1918        4         0
                text22                             1914     1914        4         0
                text21                             1910     1910        4         0
                text20                             190C     190C        4         0
                text19                             1908     1908        4         0
                text18                             1904     1904        4         0
                text17                             1928     1928        2         0
                text16                             18EA     18EA        C         0
                text15                             18DE     18DE        C         0
                text14                             18F6     18F6        8         0
                text13                             18D2     18D2        C         0
                intcode_body                       1016     1016      1E6         0
                text11                             1336     1336      122         0
                text10                             1458     1458      10A         0
                text9                              16C2     16C2       6C         0
                text8                              1562     1562       80         0
                text7                              184E     184E       36         0
                text6                              172E     172E       68         0
                text5                              15E2     15E2       72         0
                text4                              11FC     11FC      13A         0
                text3                              1796     1796       62         0
                text2                              1654     1654       6E         0
                text1                              18FE     18FE        6         0
                text0                              18C6     18C6        C         0
                cinit                              17F8     17F8       56         0
                idataBANK0                         1884     1884       22         0
                idataCOMRAM                        18A6     18A6       20         0

        CLASS   CONST          

        CLASS   SMALLCONST     
                smallconst                         1000     1000       16         0

        CLASS   MEDIUMCONST    

        CLASS   COMRAM         
                temp                                 7C       7C        1         1
                cstackCOMRAM                         64       64       18         1
                dataCOMRAM                           44       44       20         1
                bssCOMRAM                             1        1       43         1

        CLASS   ABS1           

        CLASS   BIGRAM         

        CLASS   RAM            

        CLASS   BANK0          
                dataBANK0                            80       80       22         1

        CLASS   BANK1          

        CLASS   BANK2          

        CLASS   BANK3          

        CLASS   BANK4          

        CLASS   BANK5          

        CLASS   BANK6          

        CLASS   BANK7          

        CLASS   BANK8          

        CLASS   BANK9          

        CLASS   BANK10         

        CLASS   BANK11         

        CLASS   BANK12         

        CLASS   BANK13         

        CLASS   BANK14         

        CLASS   BANK15         

        CLASS   SFR            

        CLASS   BIGSFR         

        CLASS   CONFIG         
                config                           300000   300000        E         4

        CLASS   IDLOC          
                idloc                            200000   200000        8         5

        CLASS   EEDATA         

        CLASS   FARRAM         

        CLASS   HEAP           

        CLASS   STACK          



SEGMENTS        Name                           Load    Length   Top    Selector   Space  Class

                reset_vec                      000000  000004  000004         0       0  CODE    
                bssCOMRAM                      000001  00007C  00007D         1       1  COMRAM  
                intcode                        000008  00000A  000012         4       0  CODE    
                dataBANK0                      000080  000022  0000A2        80       1  BANK0   
                smallconst                     001000  000016  001016       800       0  SMALLCON
                intcode_body                   001016  000916  00192C       80B       0  CODE    


UNUSED ADDRESS RANGES

        Name                Unused          Largest block    Delta
        BANK0            0000A2-0000FF               5E
        BANK1            000100-0001FF              100
        BANK10           000A00-000AFF              100
        BANK11           000B00-000BFF              100
        BANK12           000C00-000CFF              100
        BANK13           000D00-000DFF              100
        BANK14           000E00-000EFF              100
        BANK15           000F00-000F7F               80
        BANK2            000200-0002FF              100
        BANK3            000300-0003FF              100
        BANK4            000400-0004FF              100
        BANK5            000500-0005FF              100
        BANK6            000600-0006FF              100
        BANK7            000700-0007FF              100
        BANK8            000800-0008FF              100
        BANK9            000900-0009FF              100
        BIGRAM           00007D-00007F                3
                         0000A2-000F7F              EDE
        BIGSFR           000F80-000FFF               80
        CODE             000004-000007                4
                         000012-000FFF              FEE
                         00192C-00FFFF             E6D4
        COMRAM           00007D-00007F                3
        CONST            000004-000007                4
                         000012-000FFF              FEE
                         00192C-00FFFF             E6D4
        EEDATA           F00000-F003FF              400
        MEDIUMCONST      00192C-00FFFF             E6D4
        RAM              0000A2-000F7F              100
        SFR              000F80-000FFF               80
        SMALLCONST       00192C-00FFFF              100

                                  Symbol Table

CCP_COMPARE_Set_Value@F2937                        bssCOMRAM    000035
MSSP_SPI_Msster_Mode_GPIO_PIN_Configurations@F2917 dataCOMRAM   000054
MSSP_SPI_Msster_Mode_GPIO_PIN_Configurations@F2919 dataCOMRAM   000053
MSSP_SPI_Msster_Mode_GPIO_PIN_Configurations@F2921 dataCOMRAM   000052
MSSP_SPI_Slave_Mode_GPIO_PIN_Configurations@F2926  dataCOMRAM   000051
MSSP_SPI_Slave_Mode_GPIO_PIN_Configurations@F2928  dataCOMRAM   000050
MSSP_SPI_Slave_Mode_GPIO_PIN_Configurations@F2930  dataCOMRAM   00004F
MSSP_SPI_Slave_Mode_GPIO_PIN_Configurations@F2932  dataCOMRAM   00004E
_ADCON0bits                                        (abs)        000FC2
_ADCON1bits                                        (abs)        000FC1
_ADCON2bits                                        (abs)        000FC0
_ADC_INTERRUPT_HANDLER                             bssCOMRAM    00003B
_ADC_ISR                                           text27       001924
_ADRESH                                            (abs)        000FC4
_ADRESL                                            (abs)        000FC3
_BAUDCONbits                                       (abs)        000FB8
_CCP1CONbits                                       (abs)        000FBD
_CCP1_ISR                                          text26       001920
_CCP1_InterruptHandler                             bssCOMRAM    000039
_CCP2CONbits                                       (abs)        000FBA
_CCP2_ISR                                          text25       00191C
_CCP2_InterruptHandler                             bssCOMRAM    000037
_CCPR1H                                            (abs)        000FBF
_CCPR1L                                            (abs)        000FBE
_CCPR2H                                            (abs)        000FBC
_CCPR2L                                            (abs)        000FBB
_EEADR                                             (abs)        000FA9
_EEADRH                                            (abs)        000FAA
_EECON1bits                                        (abs)        000FA6
_EECON2                                            (abs)        000FA7
_EEDATA                                            (abs)        000FA8
_EUSART_FramingErrorHandler                        bssCOMRAM    00002F
_EUSART_OverrunErrorHandler                        bssCOMRAM    00002D
_EUSART_RX_ISR                                     text24       00192A
_EUSART_RxInterruptHandler                         bssCOMRAM    000031
_EUSART_TX_ISR                                     text23       001918
_EUSART_TxInterruptHandler                         bssCOMRAM    000033
_I2C_BC_ISR                                        text22       001914
_I2C_DefaultInterruptHandle                        bssCOMRAM    000003
_I2C_ISR                                           text21       001910
_I2C_Report_Receive_Overflow_InterruptHandle       bssCOMRAM    000001
_I2C_Report_Write_Collision_InterruptHandler       bssCOMRAM    000005
_INT0_ISR                                          text20       00190C
_INT0_InterruptHandler                             bssCOMRAM    00002B
_INT1_ISR                                          text19       001908
_INT1_InterruptHandler                             bssCOMRAM    000029
_INT2_ISR                                          text18       001904
_INT2_InterruptHandler                             bssCOMRAM    000027
_INTCON2bits                                       (abs)        000FF1
_INTCON3bits                                       (abs)        000FF0
_INTCONbits                                        (abs)        000FF2
_InterruptManager                                  intcode      000008
_LATA                                              (abs)        000F89
_LATB                                              (abs)        000F8A
_LATC                                              (abs)        000F8B
_LATD                                              (abs)        000F8C
_LATE                                              (abs)        000F8D
_MSSP_SPI_ISR                                      text17       001928
_PIE1bits                                          (abs)        000F9D
_PIE2bits                                          (abs)        000FA0
_PIR1bits                                          (abs)        000F9E
_PIR2bits                                          (abs)        000FA1
_PORTA                                             (abs)        000F80
_PORTB                                             (abs)        000F81
_PORTC                                             (abs)        000F82
_PORTD                                             (abs)        000F83
_PORTE                                             (abs)        000F84
_RB4_InterruptHandler_HIGH                         bssCOMRAM    000025
_RB4_InterruptHandler_LOW                          bssCOMRAM    000023
_RB4_flag                                          dataCOMRAM   000058
_RB5_InterruptHandler_HIGH                         bssCOMRAM    000021
_RB5_InterruptHandler_LOW                          bssCOMRAM    00001F
_RB5_flag                                          dataCOMRAM   000057
_RB6_InterruptHandler_HIGH                         bssCOMRAM    00001D
_RB6_InterruptHandler_LOW                          bssCOMRAM    00001B
_RB6_flag                                          dataCOMRAM   000056
_RB7_InterruptHandler_HIGH                         bssCOMRAM    000019
_RB7_InterruptHandler_LOW                          bssCOMRAM    000017
_RB7_flag                                          dataCOMRAM   000055
_RCREG                                             (abs)        000FAE
_RCSTAbits                                         (abs)        000FAB
_SPBRG                                             (abs)        000FAF
_SPBRGH                                            (abs)        000FB0
_SSPADD                                            (abs)        000FC8
_SSPBUF                                            (abs)        000FC9
_SSPCON1bits                                       (abs)        000FC6
_SSPCON2bits                                       (abs)        000FC5
_SSPSTATbits                                       (abs)        000FC7
_T0CONbits                                         (abs)        000FD5
_T1CONbits                                         (abs)        000FCD
_T2CONbits                                         (abs)        000FCA
_T3CONbits                                         (abs)        000FB1
_TMR0H                                             (abs)        000FD7
_TMR0L                                             (abs)        000FD6
_TMR0_ISR                                          text16       0018EA
_TMR0_InterruptHandler                             bssCOMRAM    000015
_TMR1H                                             (abs)        000FCF
_TMR1L                                             (abs)        000FCE
_TMR1_ISR                                          text15       0018DE
_TMR1_InterruptHandler                             bssCOMRAM    000011
_TMR2                                              (abs)        000FCC
_TMR2_ISR                                          text14       0018F6
_TMR2_InterruptHandler                             bssCOMRAM    00000D
_TMR3H                                             (abs)        000FB3
_TMR3L                                             (abs)        000FB2
_TMR3_ISR                                          text13       0018D2
_TMR3_InterruptHandler                             bssCOMRAM    000009
_TRISA                                             (abs)        000F92
_TRISB                                             (abs)        000F93
_TRISC                                             (abs)        000F94
_TRISCbits                                         (abs)        000F94
_TRISD                                             (abs)        000F95
_TRISE                                             (abs)        000F96
_TXREG                                             (abs)        000FAD
_TXSTAbits                                         (abs)        000FAC
__HRAM                                             (abs)        000000
__Habs1                                            abs1         000000
__Hbank0                                           bank0        000000
__Hbank1                                           bank1        000000
__Hbank10                                          bank10       000000
__Hbank11                                          bank11       000000
__Hbank12                                          bank12       000000
__Hbank13                                          bank13       000000
__Hbank14                                          bank14       000000
__Hbank15                                          bank15       000000
__Hbank2                                           bank2        000000
__Hbank3                                           bank3        000000
__Hbank4                                           bank4        000000
__Hbank5                                           bank5        000000
__Hbank6                                           bank6        000000
__Hbank7                                           bank7        000000
__Hbank8                                           bank8        000000
__Hbank9                                           bank9        000000
__Hbigbss                                          bigbss       000000
__Hbigdata                                         bigdata      000000
__Hbigram                                          bigram       000000
__Hbigsfr                                          bigsfr       000000
__Hbss                                             bss          000000
__HbssCOMRAM                                       bssCOMRAM    000000
__Hcinit                                           cinit        000000
__Hclrtext                                         clrtext      000000
__Hcomram                                          comram       000000
__Hconfig                                          config       30000E
__Hconst                                           const        000000
__HcstackCOMRAM                                    cstackCOMRAM 000000
__Hdata                                            data         000000
__HdataBANK0                                       dataBANK0    000000
__HdataCOMRAM                                      dataCOMRAM   000000
__Heeprom_data                                     eeprom_data  000000
__Hfarbss                                          farbss       000000
__Hfardata                                         fardata      000000
__Hheap                                            heap         000000
__Hibigdata                                        ibigdata     000000
__Hidata                                           idata        000000
__HidataBANK0                                      idataBANK0   000000
__HidataCOMRAM                                     idataCOMRAM  000000
__Hidloc                                           idloc        200008
__Hifardata                                        ifardata     000000
__Hinit                                            init         000012
__Hintcode                                         intcode      00000E
__Hintcode_body                                    intcode_body 000000
__Hintcodelo                                       intcodelo    00000E
__Hintentry                                        intentry     000000
__Hintret                                          intret       000000
__Hintsave_regs                                    intsave_regs 000000
__Hirdata                                          irdata       000000
__Hmediumconst                                     mediumconst  000000
__HnvFARRAM                                        nvFARRAM     000000
__Hnvbit                                           nvbit        000000
__Hnvrram                                          nvrram       000000
__Hparam                                           rparam       000000
__Hpowerup                                         powerup      00000E
__Hram                                             ram          000000
__Hramtop                                          ramtop       001000
__Hrbit                                            rbit         000000
__Hrbss                                            rbss         000000
__Hrdata                                           rdata        000000
__Hreset_vec                                       reset_vec    000004
__Hrparam                                          rparam       000000
__Hsfr                                             sfr          000000
__Hsmallconst                                      smallconst   001016
__Hspace_0                                         (abs)        00192C
__Hspace_1                                         (abs)        0000A2
__Hspace_2                                         (abs)        000000
__Hspace_4                                         (abs)        60000E
__Hstack                                           stack        000000
__Hstruct                                          struct       000000
__Htemp                                            temp         00007D
__Htext                                            text         000000
__Htext0                                           text0        000000
__Htext1                                           text1        000000
__Htext10                                          text10       000000
__Htext11                                          text11       000000
__Htext13                                          text13       000000
__Htext14                                          text14       000000
__Htext15                                          text15       000000
__Htext16                                          text16       000000
__Htext17                                          text17       000000
__Htext18                                          text18       000000
__Htext19                                          text19       000000
__Htext2                                           text2        000000
__Htext20                                          text20       000000
__Htext21                                          text21       000000
__Htext22                                          text22       000000
__Htext23                                          text23       000000
__Htext24                                          text24       000000
__Htext25                                          text25       000000
__Htext26                                          text26       000000
__Htext27                                          text27       000000
__Htext3                                           text3        000000
__Htext4                                           text4        000000
__Htext5                                           text5        000000
__Htext6                                           text6        000000
__Htext7                                           text7        000000
__Htext8                                           text8        000000
__Htext9                                           text9        000000
__LRAM                                             (abs)        000001
__Labs1                                            abs1         000000
__Lbank0                                           bank0        000000
__Lbank1                                           bank1        000000
__Lbank10                                          bank10       000000
__Lbank11                                          bank11       000000
__Lbank12                                          bank12       000000
__Lbank13                                          bank13       000000
__Lbank14                                          bank14       000000
__Lbank15                                          bank15       000000
__Lbank2                                           bank2        000000
__Lbank3                                           bank3        000000
__Lbank4                                           bank4        000000
__Lbank5                                           bank5        000000
__Lbank6                                           bank6        000000
__Lbank7                                           bank7        000000
__Lbank8                                           bank8        000000
__Lbank9                                           bank9        000000
__Lbigbss                                          bigbss       000000
__Lbigdata                                         bigdata      000000
__Lbigram                                          bigram       000000
__Lbigsfr                                          bigsfr       000000
__Lbss                                             bss          000000
__LbssCOMRAM                                       bssCOMRAM    000000
__Lcinit                                           cinit        000000
__Lclrtext                                         clrtext      000000
__Lcomram                                          comram       000000
__Lconfig                                          config       000000
__Lconst                                           const        000000
__LcstackCOMRAM                                    cstackCOMRAM 000000
__Ldata                                            data         000000
__LdataBANK0                                       dataBANK0    000000
__LdataCOMRAM                                      dataCOMRAM   000000
__Leeprom_data                                     eeprom_data  000000
__Lfarbss                                          farbss       000000
__Lfardata                                         fardata      000000
__Lheap                                            heap         000000
__Libigdata                                        ibigdata     000000
__Lidata                                           idata        000000
__LidataBANK0                                      idataBANK0   000000
__LidataCOMRAM                                     idataCOMRAM  000000
__Lidloc                                           idloc        000000
__Lifardata                                        ifardata     000000
__Linit                                            init         00000E
__Lintcode                                         intcode      000008
__Lintcode_body                                    intcode_body 000000
__Lintcodelo                                       intcodelo    00000E
__Lintentry                                        intentry     000000
__Lintret                                          intret       000000
__Lintsave_regs                                    intsave_regs 000000
__Lirdata                                          irdata       000000
__Lmediumconst                                     mediumconst  000000
__LnvFARRAM                                        nvFARRAM     000000
__Lnvbit                                           nvbit        000000
__Lnvrram                                          nvrram       000000
__Lparam                                           rparam       000000
__Lpowerup                                         powerup      00000E
__Lram                                             ram          000000
__Lramtop                                          ramtop       001000
__Lrbit                                            rbit         000000
__Lrbss                                            rbss         000000
__Lrdata                                           rdata        000000
__Lreset_vec                                       reset_vec    000000
__Lrparam                                          rparam       000000
__Lsfr                                             sfr          000000
__Lsmallconst                                      smallconst   001000
__Lspace_0                                         (abs)        000000
__Lspace_1                                         (abs)        000000
__Lspace_2                                         (abs)        000000
__Lspace_4                                         (abs)        000000
__Lstack                                           stack        000000
__Lstruct                                          struct       000000
__Ltemp                                            temp         00007C
__Ltext                                            text         000000
__Ltext0                                           text0        000000
__Ltext1                                           text1        000000
__Ltext10                                          text10       000000
__Ltext11                                          text11       000000
__Ltext13                                          text13       000000
__Ltext14                                          text14       000000
__Ltext15                                          text15       000000
__Ltext16                                          text16       000000
__Ltext17                                          text17       000000
__Ltext18                                          text18       000000
__Ltext19                                          text19       000000
__Ltext2                                           text2        000000
__Ltext20                                          text20       000000
__Ltext21                                          text21       000000
__Ltext22                                          text22       000000
__Ltext23                                          text23       000000
__Ltext24                                          text24       000000
__Ltext25                                          text25       000000
__Ltext26                                          text26       000000
__Ltext27                                          text27       000000
__Ltext3                                           text3        000000
__Ltext4                                           text4        000000
__Ltext5                                           text5        000000
__Ltext6                                           text6        000000
__Ltext7                                           text7        000000
__Ltext8                                           text8        000000
__Ltext9                                           text9        000000
__S0                                               (abs)        00192C
__S1                                               (abs)        0000A2
__S4                                               (abs)        000000
__S5                                               (abs)        000000
___heap_hi                                         (abs)        000000
___heap_lo                                         (abs)        000000
___inthi_sp                                        stack        000000
___intlo_sp                                        stack        000000
___param_bank                                      (abs)        000000
___rparam_used                                     (abs)        000001
___sp                                              stack        000000
__accesstop                                        (abs)        000080
__activetblptr                                     (abs)        000003
__end_of_ADC_ISR                                   text27       001928
__end_of_CCP1_ISR                                  text26       001924
__end_of_CCP2_ISR                                  text25       001920
__end_of_EUSART_RX_ISR                             text24       00192C
__end_of_EUSART_TX_ISR                             text23       00191C
__end_of_I2C_BC_ISR                                text22       001918
__end_of_I2C_ISR                                   text21       001914
__end_of_INT0_ISR                                  text20       001910
__end_of_INT1_ISR                                  text19       00190C
__end_of_INT2_ISR                                  text18       001908
__end_of_InterruptManager                          intcode_body 0011FC
__end_of_MSSP_SPI_ISR                              text17       00192A
__end_of_TMR0_ISR                                  text16       0018F6
__end_of_TMR1_ISR                                  text15       0018EA
__end_of_TMR2_ISR                                  text14       0018FE
__end_of_TMR3_ISR                                  text13       0018DE
__end_of__initialization                           cinit        001844
__end_of_application_intialize                     text1        001904
__end_of_btn_values                                smallconst   001011
__end_of_ecu_layer_inialize                        text2        0016C2
__end_of_gpio_pin_direction_intialize              text11       001458
__end_of_gpio_pin_intialize                        text9        00172E
__end_of_gpio_pin_write_logic                      text10       001562
__end_of_keypad_intialize                          text8        0015E2
__end_of_lcd_4bit_initialize                       text4        001336
__end_of_lcd_4bit_send_command                     text5        001654
__end_of_lcd_4bit_send_enable_signal               text7        001884
__end_of_lcd_send_4bits                            text6        001796
__end_of_main                                      text0        0018D2
__end_of_seven_segment_intialize                   text3        0017F8
__initialization                                   cinit        0017F8
__mediumconst                                      mediumconst  000000
__pbssCOMRAM                                       bssCOMRAM    000001
__pcinit                                           cinit        0017F8
__pcstackCOMRAM                                    cstackCOMRAM 000064
__pdataBANK0                                       dataBANK0    000080
__pdataCOMRAM                                      dataCOMRAM   000044
__pidataBANK0                                      idataBANK0   001884
__pidataCOMRAM                                     idataCOMRAM  0018A6
__pintcode                                         intcode      000008
__pintcode_body                                    intcode_body 001016
__psmallconst                                      smallconst   001000
__ptext0                                           text0        0018C6
__ptext1                                           text1        0018FE
__ptext10                                          text10       001458
__ptext11                                          text11       001336
__ptext13                                          text13       0018D2
__ptext14                                          text14       0018F6
__ptext15                                          text15       0018DE
__ptext16                                          text16       0018EA
__ptext17                                          text17       001928
__ptext18                                          text18       001904
__ptext19                                          text19       001908
__ptext2                                           text2        001654
__ptext20                                          text20       00190C
__ptext21                                          text21       001910
__ptext22                                          text22       001914
__ptext23                                          text23       001918
__ptext24                                          text24       00192A
__ptext25                                          text25       00191C
__ptext26                                          text26       001920
__ptext27                                          text27       001924
__ptext3                                           text3        001796
__ptext4                                           text4        0011FC
__ptext5                                           text5        0015E2
__ptext6                                           text6        00172E
__ptext7                                           text7        00184E
__ptext8                                           text8        001562
__ptext9                                           text9        0016C2
__ramtop                                           ramtop       001000
__smallconst                                       smallconst   001000
_application_intialize                             text1        0018FE
_ecu_layer_inialize                                text2        001654
_gpio_pin_direction_intialize                      text11       001336
_gpio_pin_intialize                                text9        0016C2
_gpio_pin_write_logic                              text10       001458
_keypad_intialize                                  text8        001562
_keypad_obj                                        dataBANK0    000094
_lat_register                                      dataCOMRAM   000044
_lcd_4bit_initialize                               text4        0011FC
_lcd_4bit_send_command                             text5        0015E2
_lcd_4bit_send_enable_signal                       text7        00184E
_lcd_obj                                           dataBANK0    00009C
_lcd_send_4bits                                    text6        00172E
_main                                              text0        0018C6
_port_register                                     dataBANK0    000080
_segment_EN1                                       dataCOMRAM   000063
_segment_EN2                                       dataCOMRAM   000062
_segment_EN3                                       dataCOMRAM   000061
_segment_EN4                                       dataCOMRAM   000060
_segment_EN5                                       dataCOMRAM   00005F
_segment_EN6                                       dataCOMRAM   00005E
_segment_obj                                       dataCOMRAM   000059
_seven_segment_intialize                           text3        001796
_timer0_preload                                    bssCOMRAM    000013
_timer1_preload                                    bssCOMRAM    00000F
_timer2_preload                                    bssCOMRAM    00000B
_timer3_preload                                    bssCOMRAM    000007
_tris_register                                     dataBANK0    00008A
btemp                                              temp         00007C
end_of_initialization                              cinit        001844
gpio_pin_direction_intialize@_pin_config           cstackCOMRAM 000064
gpio_pin_direction_intialize@ret                   cstackCOMRAM 00006C
gpio_pin_intialize@_pin_config                     cstackCOMRAM 00006E
gpio_pin_intialize@ret                             cstackCOMRAM 000071
gpio_pin_write_logic@_pin_config                   cstackCOMRAM 000064
gpio_pin_write_logic@logic                         cstackCOMRAM 000066
gpio_pin_write_logic@ret                           cstackCOMRAM 00006D
int$flags                                          temp         00007C
int_func                                           intcode_body 001016
intlevel0                                          text         000000
intlevel1                                          text         000000
intlevel2                                          text         000000
intlevel3                                          text         000000
isa$std                                            (abs)        000001
isa$xinst                                          (abs)        000000
keypad_intialize@_keypad_obj                       cstackCOMRAM 000072
keypad_intialize@columns_counter                   cstackCOMRAM 000078
keypad_intialize@ret                               cstackCOMRAM 000076
keypad_intialize@rows_counter                      cstackCOMRAM 000077
lcd_4bit_initialize@data_pins_counter              cstackCOMRAM 00007A
lcd_4bit_initialize@lcd                            cstackCOMRAM 000076
lcd_4bit_initialize@ret                            cstackCOMRAM 00007B
lcd_4bit_send_command@command                      cstackCOMRAM 000074
lcd_4bit_send_command@lcd                          cstackCOMRAM 000072
lcd_4bit_send_command@ret                          cstackCOMRAM 000075
lcd_4bit_send_enable_signal@lcd                    cstackCOMRAM 00006E
lcd_4bit_send_enable_signal@ret                    cstackCOMRAM 000070
lcd_send_4bits@_data_command                       cstackCOMRAM 000070
lcd_send_4bits@lcd                                 cstackCOMRAM 00006E
lcd_send_4bits@ret                                 cstackCOMRAM 000071
led_intialize@F2876                                bssCOMRAM    000043
led_turn_off@F2886                                 bssCOMRAM    000041
led_turn_on@F2881                                  bssCOMRAM    000042
led_turn_toggle@F2891                              bssCOMRAM    000040
relay_intialize@F2869                              bssCOMRAM    00003F
relay_turn_off@F2879                               bssCOMRAM    00003D
relay_turn_on@F2874                                bssCOMRAM    00003E
seven_segment_intialize@ret                        cstackCOMRAM 000074
seven_segment_intialize@segment                    cstackCOMRAM 000072
stackhi                                            (abs)        000000
stacklo                                            (abs)        000000
start                                              init         00000E
start_initialization                               cinit        0017F8
ttemp5                                             temp         00007D
ttemp6                                             temp         000080
ttemp7                                             temp         000084
wtemp8                                             temp         00007D


MODULE INFORMATION

Module		Function		Class		Link	Load	Size
mca_layerl/Timer1/timer1.c
		_TMR1_ISR      		CODE           	18DE	0000	12

mca_layerl/Timer1/timer1.c estimated size: 12

mca_layerl/GPIO/hal_gpio.c
		_gpio_pin_write_logic		CODE           	1458	0000	266
		_gpio_pin_intialize		CODE           	16C2	0000	108
		_gpio_pin_direction_intialize		CODE           	1336	0000	290

mca_layerl/GPIO/hal_gpio.c estimated size: 664

mca_layerl/CCP/hal_ccp.c
		_CCP1_ISR      		CODE           	1920	0000	4
		_CCP2_ISR      		CODE           	191C	0000	4

mca_layerl/CCP/hal_ccp.c estimated size: 8

mca_layerl/Timer0/timer0.c
		_TMR0_ISR      		CODE           	18EA	0000	12

mca_layerl/Timer0/timer0.c estimated size: 12

mca_layerl/interrupt/mcal_interrupt_manager.c
		_InterruptManager		CODE           	0008	0000	492

mca_layerl/interrupt/mcal_interrupt_manager.c estimated size: 492

ecu_layer/chr_lcd/ecu_chr_lcd.c
		_lcd_4bit_send_command		CODE           	15E2	0000	114
		_lcd_send_4bits		CODE           	172E	0000	104
		_lcd_4bit_send_enable_signal		CODE           	184E	0000	54
		_lcd_4bit_initialize		CODE           	11FC	0000	314

ecu_layer/chr_lcd/ecu_chr_lcd.c estimated size: 586

mca_layerl/interrupt/mcal_external_interrupt.c
		_INT0_ISR      		CODE           	190C	0000	4
		_INT1_ISR      		CODE           	1908	0000	4
		_INT2_ISR      		CODE           	1904	0000	4

mca_layerl/interrupt/mcal_external_interrupt.c estimated size: 12

ecu_layer/ecu_layer_init.c
		_ecu_layer_inialize		CODE           	1654	0000	110

ecu_layer/ecu_layer_init.c estimated size: 110

Application.c
		_main          		CODE           	18C6	0000	12
		_application_intialize		CODE           	18FE	0000	6

Application.c estimated size: 18

mca_layerl/SPI/hal_spi.c
		_MSSP_SPI_ISR  		CODE           	1928	0000	2

mca_layerl/SPI/hal_spi.c estimated size: 2

ecu_layer/SEVEN_SEGMENT/ecu_seven_segment.c
		_seven_segment_intialize		CODE           	1796	0000	98

ecu_layer/SEVEN_SEGMENT/ecu_seven_segment.c estimated size: 98

mca_layerl/I2C/hal_i2c.c
		_I2C_ISR       		CODE           	1910	0000	4
		_I2C_BC_ISR    		CODE           	1914	0000	4

mca_layerl/I2C/hal_i2c.c estimated size: 8

shared
		_btn_values    		SMALLCONST     	0000	0000	0
		__initialization		CODE           	17F8	0000	76

shared estimated size: 76

mca_layerl/EUSART/hal_usart.c
		_EUSART_RX_ISR 		CODE           	192A	0000	2
		_EUSART_TX_ISR 		CODE           	1918	0000	4

mca_layerl/EUSART/hal_usart.c estimated size: 6

mca_layerl/ADC/hal_adc.c
		_ADC_ISR       		CODE           	1924	0000	4

mca_layerl/ADC/hal_adc.c estimated size: 4

mca_layerl/Timer3/timer3.c
		_TMR3_ISR      		CODE           	18D2	0000	12

mca_layerl/Timer3/timer3.c estimated size: 12

mca_layerl/Timer2/timer2.c
		_TMR2_ISR      		CODE           	18F6	0000	8

mca_layerl/Timer2/timer2.c estimated size: 8

ecu_layer/KeyPad/ecu_key_pad.c
		_keypad_intialize		CODE           	1562	0000	128

ecu_layer/KeyPad/ecu_key_pad.c estimated size: 128

